// Jest Snapshot v1, https://goo.gl/fbAQLP

exports[`Button renders correctly 1`] = `
<button
  className="src__Button-j5fwqo-0 dRPilT"
>
  Test
</button>
`;
